Deleted: /Users/adelal-aali/Library/Caches/JetBrains
Deleted: /Users/adelal-aali/Library/Logs/JetBrains
Deleted: /private/var/tmp/cbrgbc_1.sqlite
Deleted: /private/var/tmp/cbrgbc_1.sqlite-shm
Deleted: /private/var/tmp/cbrgbc_1.sqlite-wal
Deleted: /private/var/tmp/com.kairos.DuetDaemon_2025-02-28--16-00-31-341.log
Deleted: /private/var/tmp/com.kairos.DuetDaemon_2025-03-01--01-38-51-517.log
Deleted: /private/var/tmp/com.kairos.DuetDaemon_2025-03-01--04-27-26-188.log
Deleted: /private/var/tmp/com.kairos.DuetDaemon_2025-03-02--04-30-28-683.log
Deleted: /private/var/tmp/com.kairos.DuetDaemon_2025-03-03--06-08-05-718.log
Deleted: /private/var/tmp/com.kairos.DuetDaemon_2025-03-04--06-10-49-508.log
Deleted: /private/var/tmp/com.kairos.DuetDaemon_2025-03-05--06-10-50-325.log
Deleted: /private/var/tmp/com.kairos.DuetHelper_2025-02-22--22-52-37-620.log
Deleted: /private/var/tmp/com.kairos.DuetHelper_2025-02-24--02-47-04-451.log
Deleted: /private/var/tmp/com.kairos.DuetHelper_2025-02-25--03-52-31-186.log
Deleted: /private/var/tmp/com.kairos.DuetHelper_2025-02-26--04-26-33-610.log
Deleted: /private/var/tmp/com.kairos.DuetHelper_2025-02-27--21-42-54-246.log
Deleted: /private/var/tmp/com.kairos.DuetHelper_2025-03-02--01-31-36-445.log
Deleted: /private/var/tmp/com.kairos.DuetHelper_2025-03-04--01-39-33-838.log
Deleted: /private/var/tmp/com.kairos.DuetHelper.preLogin_2025-02-24--04-13-48-941.log
Deleted: /private/var/tmp/com.kairos.DuetHelper.preLogin_2025-02-25--04-24-28-941.log
Deleted: /private/var/tmp/com.kairos.DuetHelper.preLogin_2025-02-26--04-26-40-103.log
Deleted: /private/var/tmp/com.kairos.DuetHelper.preLogin_2025-02-27--21-43-27-606.log
Deleted: /private/var/tmp/com.kairos.duetMac 2025-02-28--04-13-04-027.log
Deleted: /private/var/tmp/com.kairos.duetMac 2025-03-01--04-13-36-813.log
Deleted: /private/var/tmp/com.kairos.duetMac 2025-03-02--07-20-40-664.log
Deleted: /private/var/tmp/com.kairos.duetMac 2025-03-03--07-22-02-178.log
Deleted: /private/var/tmp/com.kairos.duetMac 2025-03-04--07-26-31-378.log
Deleted: /private/var/tmp/fig
Deleted: /private/var/tmp/SoftwareUpdateCore
Deleted: /private/var/tmp/sysdiagnose_2025.02.26_07-31-08-0500_macOS_MacBookAir10-1_24E5206s
